Welcome to the MariaDB monitor.  Commands end with ; or \g.
Your MariaDB connection id is 30
Server version: 10.5.15-MariaDB-0+deb11u1 Raspbian 11

Copyright (c) 2000, 2018, Oracle, MariaDB Corporation Ab and others.

Type 'help;' or '\h' for help. Type '\c' to clear the current input statement.

MariaDB [(none)]> USE employees
Reading table information for completion of table and column names
You can turn off this feature to get a quicker startup with -A

Database changed
MariaDB [employees]> SHOW TABLES;
+----------------------+
| Tables_in_employees  |
+----------------------+
| current_dept_emp     |
| departments          |
| dept_emp             |
| dept_emp_latest_date |
| dept_manager         |
| employees            |
| salaries             |
| titles               |
+----------------------+
8 rows in set (0.006 sec)

MariaDB [employees]> SELECT DISTINCT gender AS dzimums FROM employees;
+---------+
| dzimums |
+---------+
| M       |
| F       |
+---------+
2 rows in set (6.821 sec)

MariaDB [employees]> descriptin
    -> employees;
ERROR 1064 (42000): You have an error in your SQL syntax; check the manual that corresponds to your MariaDB server version for the right syntax to use near 'descriptin
employees' at line 1
MariaDB [employees]> DESCRIBE employees;
+------------+---------------+------+-----+---------+-------+
| Field      | Type          | Null | Key | Default | Extra |
+------------+---------------+------+-----+---------+-------+
| emp_no     | int(11)       | NO   | PRI | NULL    |       |
| birth_date | date          | NO   |     | NULL    |       |
| first_name | varchar(14)   | NO   |     | NULL    |       |
| last_name  | varchar(16)   | NO   |     | NULL    |       |
| gender     | enum('M','F') | NO   |     | NULL    |       |
| hire_date  | date          | NO   |     | NULL    |       |
+------------+---------------+------+-----+---------+-------+
6 rows in set (0.068 sec)

MariaDB [employees]> SELECT DISTINCT hire_date AS dat, gender AS dzimums FROM employees WHERE YEAR(dat) > 1995 ORDER BY hire_date, dzimums;
ERROR 1054 (42S22): Unknown column 'dat' in 'where clause'
MariaDB [employees]> SELECT DISTINCT hire_date AS dat, gender AS dzimums FROM employees WHERE YEAR(hire_date) > 1995 ORDER BY hire_date, dzimums;
+------------+---------+
| dat        | dzimums |
+------------+---------+
| 1996-01-01 | M       |
| 1996-01-01 | F       |
| 1996-01-02 | M       |
| 1996-01-02 | F       |
| 1996-01-03 | M       |
| 1996-01-03 | F       |
| 1996-01-04 | M       |
| 1996-01-04 | F       |
| 1996-01-05 | M       |
| 1996-01-05 | F       |
| 1996-01-06 | M       |
| 1996-01-06 | F       |
| 1996-01-07 | M       |
| 1996-01-07 | F       |
| 1996-01-08 | M       |
| 1996-01-08 | F       |
| 1996-01-09 | M       |
| 1996-01-09 | F       |
| 1996-01-10 | M       |
| 1996-01-10 | F       |
| 1996-01-11 | M       |
| 1996-01-11 | F       |
| 1996-01-12 | M       |
| 1996-01-12 | F       |
| 1996-01-13 | M       |
| 1996-01-13 | F       |
| 1996-01-14 | M       |
| 1996-01-14 | F       |
| 1996-01-15 | M       |
| 1996-01-15 | F       |
| 1996-01-16 | M       |
| 1996-01-16 | F       |
| 1996-01-17 | M       |
| 1996-01-17 | F       |
| 1996-01-18 | M       |
| 1996-01-18 | F       |
| 1996-01-19 | M       |
| 1996-01-19 | F       |
| 1996-01-20 | M       |
| 1996-01-20 | F       |
| 1996-01-21 | M       |
| 1996-01-21 | F       |
| 1996-01-22 | M       |
| 1996-01-22 | F       |
| 1996-01-23 | M       |
| 1996-01-23 | F       |
| 1996-01-24 | M       |
| 1996-01-24 | F       |
| 1996-01-25 | M       |
| 1996-01-25 | F       |
| 1996-01-26 | M       |
| 1996-01-26 | F       |
| 1996-01-27 | M       |
| 1996-01-27 | F       |
| 1996-01-28 | M       |
| 1996-01-28 | F       |
| 1996-01-29 | M       |
| 1996-01-29 | F       |
| 1996-01-30 | M       |
| 1996-01-30 | F       |
| 1996-01-31 | M       |
| 1996-01-31 | F       |
| 1996-02-01 | M       |
| 1996-02-01 | F       |
| 1996-02-02 | M       |
| 1996-02-02 | F       |
| 1996-02-03 | M       |
| 1996-02-03 | F       |
| 1996-02-04 | M       |
| 1996-02-04 | F       |
| 1996-02-05 | M       |
| 1996-02-05 | F       |
| 1996-02-06 | M       |
| 1996-02-06 | F       |
| 1996-02-07 | M       |
| 1996-02-07 | F       |
| 1996-02-08 | M       |
| 1996-02-08 | F       |
| 1996-02-09 | M       |
| 1996-02-09 | F       |
| 1996-02-10 | M       |
| 1996-02-10 | F       |
| 1996-02-11 | M       |
| 1996-02-11 | F       |
| 1996-02-12 | M       |
| 1996-02-12 | F       |
| 1996-02-13 | M       |
| 1996-02-13 | F       |
| 1996-02-14 | M       |
| 1996-02-14 | F       |
| 1996-02-15 | M       |
| 1996-02-15 | F       |
| 1996-02-16 | M       |
| 1996-02-16 | F       |
| 1996-02-17 | M       |
| 1996-02-17 | F       |
| 1996-02-18 | M       |
| 1996-02-18 | F       |
| 1996-02-19 | M       |
| 1996-02-19 | F       |
| 1996-02-20 | M       |
| 1996-02-20 | F       |
| 1996-02-21 | M       |
| 1996-02-21 | F       |
| 1996-02-22 | M       |
| 1996-02-22 | F       |
| 1996-02-23 | M       |
| 1996-02-23 | F       |
| 1996-02-24 | M       |
| 1996-02-24 | F       |
| 1996-02-25 | M       |
| 1996-02-25 | F       |
| 1996-02-26 | M       |
| 1996-02-26 | F       |
| 1996-02-27 | M       |
| 1996-02-27 | F       |
| 1996-02-28 | M       |
| 1996-02-28 | F       |
| 1996-02-29 | M       |
| 1996-02-29 | F       |
| 1996-03-01 | M       |
| 1996-03-01 | F       |
| 1996-03-02 | M       |
| 1996-03-02 | F       |
| 1996-03-03 | M       |
| 1996-03-03 | F       |
| 1996-03-04 | M       |
| 1996-03-04 | F       |
| 1996-03-05 | M       |
| 1996-03-05 | F       |
| 1996-03-06 | M       |
| 1996-03-06 | F       |
| 1996-03-07 | M       |
| 1996-03-07 | F       |
| 1996-03-08 | M       |
| 1996-03-08 | F       |
| 1996-03-09 | M       |
| 1996-03-09 | F       |
| 1996-03-10 | M       |
| 1996-03-10 | F       |
| 1996-03-11 | M       |
| 1996-03-11 | F       |
| 1996-03-12 | M       |
| 1996-03-12 | F       |
| 1996-03-13 | M       |
| 1996-03-13 | F       |
| 1996-03-14 | M       |
| 1996-03-14 | F       |
| 1996-03-15 | M       |
| 1996-03-15 | F       |
| 1996-03-16 | M       |
| 1996-03-16 | F       |
| 1996-03-17 | M       |
| 1996-03-17 | F       |
| 1996-03-18 | M       |
| 1996-03-18 | F       |
| 1996-03-19 | M       |
| 1996-03-19 | F       |
| 1996-03-20 | M       |
| 1996-03-20 | F       |
| 1996-03-21 | M       |
| 1996-03-21 | F       |
| 1996-03-22 | M       |
| 1996-03-22 | F       |
| 1996-03-23 | M       |
| 1996-03-23 | F       |
| 1996-03-24 | M       |
| 1996-03-24 | F       |
| 1996-03-25 | M       |
| 1996-03-25 | F       |
| 1996-03-26 | M       |
| 1996-03-26 | F       |
| 1996-03-27 | M       |
| 1996-03-27 | F       |
| 1996-03-28 | M       |
| 1996-03-28 | F       |
| 1996-03-29 | M       |
| 1996-03-29 | F       |
| 1996-03-30 | M       |
| 1996-03-30 | F       |
| 1996-03-31 | M       |
| 1996-03-31 | F       |
| 1996-04-01 | M       |
| 1996-04-01 | F       |
| 1996-04-02 | M       |
| 1996-04-02 | F       |
| 1996-04-03 | M       |
| 1996-04-03 | F       |
| 1996-04-04 | M       |
| 1996-04-04 | F       |
| 1996-04-05 | M       |
| 1996-04-05 | F       |
| 1996-04-06 | M       |
| 1996-04-06 | F       |
| 1996-04-07 | M       |
| 1996-04-07 | F       |
| 1996-04-08 | M       |
| 1996-04-08 | F       |
| 1996-04-09 | M       |
| 1996-04-09 | F       |
| 1996-04-10 | M       |
| 1996-04-10 | F       |
| 1996-04-11 | M       |
| 1996-04-11 | F       |
| 1996-04-12 | M       |
| 1996-04-12 | F       |
| 1996-04-13 | M       |
| 1996-04-13 | F       |
| 1996-04-14 | M       |
| 1996-04-14 | F       |
| 1996-04-15 | M       |
| 1996-04-15 | F       |
| 1996-04-16 | M       |
| 1996-04-16 | F       |
| 1996-04-17 | M       |
| 1996-04-17 | F       |
| 1996-04-18 | M       |
| 1996-04-18 | F       |
| 1996-04-19 | M       |
| 1996-04-19 | F       |
| 1996-04-20 | M       |
| 1996-04-20 | F       |
| 1996-04-21 | M       |
| 1996-04-21 | F       |
| 1996-04-22 | M       |
| 1996-04-22 | F       |
| 1996-04-23 | M       |
| 1996-04-23 | F       |
| 1996-04-24 | M       |
| 1996-04-24 | F       |
| 1996-04-25 | M       |
| 1996-04-25 | F       |
| 1996-04-26 | M       |
| 1996-04-26 | F       |
| 1996-04-27 | M       |
| 1996-04-27 | F       |
| 1996-04-28 | M       |
| 1996-04-28 | F       |
| 1996-04-29 | M       |
| 1996-04-29 | F       |
| 1996-04-30 | M       |
| 1996-04-30 | F       |
| 1996-05-01 | M       |
| 1996-05-01 | F       |
| 1996-05-02 | M       |
| 1996-05-02 | F       |
| 1996-05-03 | M       |
| 1996-05-03 | F       |
| 1996-05-04 | M       |
| 1996-05-04 | F       |
| 1996-05-05 | M       |
| 1996-05-05 | F       |
| 1996-05-06 | M       |
| 1996-05-06 | F       |
| 1996-05-07 | M       |
| 1996-05-07 | F       |
| 1996-05-08 | M       |
| 1996-05-08 | F       |
| 1996-05-09 | M       |
| 1996-05-09 | F       |
| 1996-05-10 | M       |
| 1996-05-10 | F       |
| 1996-05-11 | M       |
| 1996-05-11 | F       |
| 1996-05-12 | M       |
| 1996-05-12 | F       |
| 1996-05-13 | M       |
| 1996-05-13 | F       |
| 1996-05-14 | M       |
| 1996-05-14 | F       |
| 1996-05-15 | M       |
| 1996-05-15 | F       |
| 1996-05-16 | M       |
| 1996-05-16 | F       |
| 1996-05-17 | M       |
| 1996-05-17 | F       |
| 1996-05-18 | M       |
| 1996-05-18 | F       |
| 1996-05-19 | M       |
| 1996-05-19 | F       |
| 1996-05-20 | M       |
| 1996-05-20 | F       |
| 1996-05-21 | M       |
| 1996-05-21 | F       |
| 1996-05-22 | M       |
| 1996-05-22 | F       |
| 1996-05-23 | M       |
| 1996-05-23 | F       |
| 1996-05-24 | M       |
| 1996-05-24 | F       |
| 1996-05-25 | M       |
| 1996-05-25 | F       |
| 1996-05-26 | M       |
| 1996-05-26 | F       |
| 1996-05-27 | M       |
| 1996-05-27 | F       |
| 1996-05-28 | M       |
| 1996-05-28 | F       |
| 1996-05-29 | M       |
| 1996-05-29 | F       |
| 1996-05-30 | M       |
| 1996-05-30 | F       |
| 1996-05-31 | M       |
| 1996-05-31 | F       |
| 1996-06-01 | M       |
| 1996-06-01 | F       |
| 1996-06-02 | M       |
| 1996-06-02 | F       |
| 1996-06-03 | M       |
| 1996-06-03 | F       |
| 1996-06-04 | M       |
| 1996-06-04 | F       |
| 1996-06-05 | M       |
| 1996-06-05 | F       |
| 1996-06-06 | M       |
| 1996-06-06 | F       |
| 1996-06-07 | M       |
| 1996-06-07 | F       |
| 1996-06-08 | M       |
| 1996-06-08 | F       |
| 1996-06-09 | M       |
| 1996-06-09 | F       |
| 1996-06-10 | M       |
| 1996-06-10 | F       |
| 1996-06-11 | M       |
| 1996-06-11 | F       |
| 1996-06-12 | M       |
| 1996-06-12 | F       |
| 1996-06-13 | M       |
| 1996-06-13 | F       |
| 1996-06-14 | M       |
| 1996-06-14 | F       |
| 1996-06-15 | M       |
| 1996-06-15 | F       |
| 1996-06-16 | M       |
| 1996-06-16 | F       |
| 1996-06-17 | M       |
| 1996-06-17 | F       |
| 1996-06-18 | M       |
| 1996-06-18 | F       |
| 1996-06-19 | M       |
| 1996-06-19 | F       |
| 1996-06-20 | M       |
| 1996-06-20 | F       |
| 1996-06-21 | M       |
| 1996-06-21 | F       |
| 1996-06-22 | M       |
| 1996-06-22 | F       |
| 1996-06-23 | M       |
| 1996-06-23 | F       |
| 1996-06-24 | M       |
| 1996-06-24 | F       |
| 1996-06-25 | M       |
| 1996-06-25 | F       |
| 1996-06-26 | M       |
| 1996-06-26 | F       |
| 1996-06-27 | M       |
| 1996-06-27 | F       |
| 1996-06-28 | M       |
| 1996-06-28 | F       |
| 1996-06-29 | M       |
| 1996-06-29 | F       |
| 1996-06-30 | M       |
| 1996-06-30 | F       |
| 1996-07-01 | M       |
| 1996-07-01 | F       |
| 1996-07-02 | M       |
| 1996-07-02 | F       |
| 1996-07-03 | M       |
| 1996-07-03 | F       |
| 1996-07-04 | M       |
| 1996-07-04 | F       |
| 1996-07-05 | M       |
| 1996-07-05 | F       |
| 1996-07-06 | M       |
| 1996-07-06 | F       |
| 1996-07-07 | M       |
| 1996-07-07 | F       |
| 1996-07-08 | M       |
| 1996-07-08 | F       |
| 1996-07-09 | M       |
| 1996-07-09 | F       |
| 1996-07-10 | M       |
| 1996-07-10 | F       |
| 1996-07-11 | M       |
| 1996-07-11 | F       |
| 1996-07-12 | M       |
| 1996-07-12 | F       |
| 1996-07-13 | M       |
| 1996-07-13 | F       |
| 1996-07-14 | M       |
| 1996-07-14 | F       |
| 1996-07-15 | M       |
| 1996-07-15 | F       |
| 1996-07-16 | M       |
| 1996-07-16 | F       |
| 1996-07-17 | M       |
| 1996-07-17 | F       |
| 1996-07-18 | M       |
| 1996-07-18 | F       |
| 1996-07-19 | M       |
| 1996-07-19 | F       |
| 1996-07-20 | M       |
| 1996-07-20 | F       |
| 1996-07-21 | M       |
| 1996-07-21 | F       |
| 1996-07-22 | M       |
| 1996-07-22 | F       |
| 1996-07-23 | M       |
| 1996-07-23 | F       |
| 1996-07-24 | M       |
| 1996-07-24 | F       |
| 1996-07-25 | M       |
| 1996-07-25 | F       |
| 1996-07-26 | M       |
| 1996-07-26 | F       |
| 1996-07-27 | M       |
| 1996-07-27 | F       |
| 1996-07-28 | M       |
| 1996-07-28 | F       |
| 1996-07-29 | M       |
| 1996-07-29 | F       |
| 1996-07-30 | M       |
| 1996-07-30 | F       |
| 1996-07-31 | M       |
| 1996-07-31 | F       |
| 1996-08-01 | M       |
| 1996-08-01 | F       |
| 1996-08-02 | M       |
| 1996-08-02 | F       |
| 1996-08-03 | M       |
| 1996-08-03 | F       |
| 1996-08-04 | M       |
| 1996-08-04 | F       |
| 1996-08-05 | M       |
| 1996-08-05 | F       |
| 1996-08-06 | M       |
| 1996-08-06 | F       |
| 1996-08-07 | M       |
| 1996-08-07 | F       |
| 1996-08-08 | M       |
| 1996-08-08 | F       |
| 1996-08-09 | M       |
| 1996-08-09 | F       |
| 1996-08-10 | M       |
| 1996-08-10 | F       |
| 1996-08-11 | M       |
| 1996-08-11 | F       |
| 1996-08-12 | M       |
| 1996-08-12 | F       |
| 1996-08-13 | M       |
| 1996-08-13 | F       |
| 1996-08-14 | M       |
| 1996-08-14 | F       |
| 1996-08-15 | M       |
| 1996-08-15 | F       |
| 1996-08-16 | M       |
| 1996-08-16 | F       |
| 1996-08-17 | M       |
| 1996-08-17 | F       |
| 1996-08-18 | M       |
| 1996-08-18 | F       |
| 1996-08-19 | M       |
| 1996-08-19 | F       |
| 1996-08-20 | M       |
| 1996-08-20 | F       |
| 1996-08-21 | M       |
| 1996-08-21 | F       |
| 1996-08-22 | M       |
| 1996-08-22 | F       |
| 1996-08-23 | M       |
| 1996-08-23 | F       |
| 1996-08-24 | M       |
| 1996-08-24 | F       |
| 1996-08-25 | M       |
| 1996-08-25 | F       |
| 1996-08-26 | M       |
| 1996-08-26 | F       |
| 1996-08-27 | M       |
| 1996-08-27 | F       |
| 1996-08-28 | M       |
| 1996-08-28 | F       |
| 1996-08-29 | M       |
| 1996-08-29 | F       |
| 1996-08-30 | M       |
| 1996-08-30 | F       |
| 1996-08-31 | M       |
| 1996-08-31 | F       |
| 1996-09-01 | M       |
| 1996-09-01 | F       |
| 1996-09-02 | M       |
| 1996-09-02 | F       |
| 1996-09-03 | M       |
| 1996-09-03 | F       |
| 1996-09-04 | M       |
| 1996-09-04 | F       |
| 1996-09-05 | M       |
| 1996-09-05 | F       |
| 1996-09-06 | M       |
| 1996-09-06 | F       |
| 1996-09-07 | M       |
| 1996-09-07 | F       |
| 1996-09-08 | M       |
| 1996-09-08 | F       |
| 1996-09-09 | M       |
| 1996-09-09 | F       |
| 1996-09-10 | M       |
| 1996-09-10 | F       |
| 1996-09-11 | M       |
| 1996-09-11 | F       |
| 1996-09-12 | M       |
| 1996-09-12 | F       |
| 1996-09-13 | M       |
| 1996-09-13 | F       |
| 1996-09-14 | M       |
| 1996-09-14 | F       |
| 1996-09-15 | M       |
| 1996-09-15 | F       |
| 1996-09-16 | M       |
| 1996-09-16 | F       |
| 1996-09-17 | M       |
| 1996-09-17 | F       |
| 1996-09-18 | M       |
| 1996-09-18 | F       |
| 1996-09-19 | M       |
| 1996-09-19 | F       |
| 1996-09-20 | M       |
| 1996-09-20 | F       |
| 1996-09-21 | M       |
| 1996-09-21 | F       |
| 1996-09-22 | M       |
| 1996-09-22 | F       |
| 1996-09-23 | M       |
| 1996-09-23 | F       |
| 1996-09-24 | M       |
| 1996-09-24 | F       |
| 1996-09-25 | M       |
| 1996-09-25 | F       |
| 1996-09-26 | M       |
| 1996-09-26 | F       |
| 1996-09-27 | M       |
| 1996-09-27 | F       |
| 1996-09-28 | M       |
| 1996-09-28 | F       |
| 1996-09-29 | M       |
| 1996-09-29 | F       |
| 1996-09-30 | M       |
| 1996-09-30 | F       |
| 1996-10-01 | M       |
| 1996-10-01 | F       |
| 1996-10-02 | M       |
| 1996-10-02 | F       |
| 1996-10-03 | M       |
| 1996-10-03 | F       |
| 1996-10-04 | M       |
| 1996-10-04 | F       |
| 1996-10-05 | M       |
| 1996-10-05 | F       |
| 1996-10-06 | M       |
| 1996-10-06 | F       |
| 1996-10-07 | M       |
| 1996-10-07 | F       |
| 1996-10-08 | M       |
| 1996-10-08 | F       |
| 1996-10-09 | M       |
| 1996-10-09 | F       |
| 1996-10-10 | M       |
| 1996-10-10 | F       |
| 1996-10-11 | M       |
| 1996-10-11 | F       |
| 1996-10-12 | M       |
| 1996-10-12 | F       |
| 1996-10-13 | M       |
| 1996-10-13 | F       |
| 1996-10-14 | M       |
| 1996-10-14 | F       |
| 1996-10-15 | M       |
| 1996-10-15 | F       |
| 1996-10-16 | M       |
| 1996-10-16 | F       |
| 1996-10-17 | M       |
| 1996-10-17 | F       |
| 1996-10-18 | M       |
| 1996-10-18 | F       |
| 1996-10-19 | M       |
| 1996-10-19 | F       |
| 1996-10-20 | M       |
| 1996-10-20 | F       |
| 1996-10-21 | M       |
| 1996-10-21 | F       |
| 1996-10-22 | M       |
| 1996-10-22 | F       |
| 1996-10-23 | M       |
| 1996-10-23 | F       |
| 1996-10-24 | M       |
| 1996-10-24 | F       |
| 1996-10-25 | M       |
| 1996-10-25 | F       |
| 1996-10-26 | M       |
| 1996-10-26 | F       |
| 1996-10-27 | M       |
| 1996-10-27 | F       |
| 1996-10-28 | M       |
| 1996-10-28 | F       |
| 1996-10-29 | M       |
| 1996-10-29 | F       |
| 1996-10-30 | M       |
| 1996-10-30 | F       |
| 1996-10-31 | M       |
| 1996-10-31 | F       |
| 1996-11-01 | M       |
| 1996-11-01 | F       |
| 1996-11-02 | M       |
| 1996-11-02 | F       |
| 1996-11-03 | M       |
| 1996-11-03 | F       |
| 1996-11-04 | M       |
| 1996-11-04 | F       |
| 1996-11-05 | M       |
| 1996-11-05 | F       |
| 1996-11-06 | M       |
| 1996-11-06 | F       |
| 1996-11-07 | M       |
| 1996-11-07 | F       |
| 1996-11-08 | M       |
| 1996-11-08 | F       |
| 1996-11-09 | M       |
| 1996-11-09 | F       |
| 1996-11-10 | M       |
| 1996-11-10 | F       |
| 1996-11-11 | M       |
| 1996-11-11 | F       |
| 1996-11-12 | M       |
| 1996-11-12 | F       |
| 1996-11-13 | M       |
| 1996-11-13 | F       |
| 1996-11-14 | M       |
| 1996-11-14 | F       |
| 1996-11-15 | M       |
| 1996-11-15 | F       |
| 1996-11-16 | M       |
| 1996-11-16 | F       |
| 1996-11-17 | M       |
| 1996-11-17 | F       |
| 1996-11-18 | M       |
| 1996-11-18 | F       |
| 1996-11-19 | M       |
| 1996-11-19 | F       |
| 1996-11-20 | M       |
| 1996-11-20 | F       |
| 1996-11-21 | M       |
| 1996-11-21 | F       |
| 1996-11-22 | M       |
| 1996-11-22 | F       |
| 1996-11-23 | M       |
| 1996-11-23 | F       |
| 1996-11-24 | M       |
| 1996-11-24 | F       |
| 1996-11-25 | M       |
| 1996-11-26 | M       |
| 1996-11-26 | F       |
| 1996-11-27 | M       |
| 1996-11-27 | F       |
| 1996-11-28 | M       |
| 1996-11-28 | F       |
| 1996-11-29 | M       |
| 1996-11-29 | F       |
| 1996-11-30 | M       |
| 1996-11-30 | F       |
| 1996-12-01 | M       |
| 1996-12-01 | F       |
| 1996-12-02 | M       |
| 1996-12-02 | F       |
| 1996-12-03 | M       |
| 1996-12-03 | F       |
| 1996-12-04 | M       |
| 1996-12-04 | F       |
| 1996-12-05 | M       |
| 1996-12-05 | F       |
| 1996-12-06 | M       |
| 1996-12-06 | F       |
| 1996-12-07 | M       |
| 1996-12-07 | F       |
| 1996-12-08 | M       |
| 1996-12-08 | F       |
| 1996-12-09 | M       |
| 1996-12-09 | F       |
| 1996-12-10 | M       |
| 1996-12-10 | F       |
| 1996-12-11 | M       |
| 1996-12-11 | F       |
| 1996-12-12 | M       |
| 1996-12-12 | F       |
| 1996-12-13 | M       |
| 1996-12-13 | F       |
| 1996-12-14 | M       |
| 1996-12-14 | F       |
| 1996-12-15 | M       |
| 1996-12-15 | F       |
| 1996-12-16 | M       |
| 1996-12-16 | F       |
| 1996-12-17 | M       |
| 1996-12-17 | F       |
| 1996-12-18 | M       |
| 1996-12-18 | F       |
| 1996-12-19 | M       |
| 1996-12-19 | F       |
| 1996-12-20 | M       |
| 1996-12-20 | F       |
| 1996-12-21 | M       |
| 1996-12-21 | F       |
| 1996-12-22 | M       |
| 1996-12-22 | F       |
| 1996-12-23 | M       |
| 1996-12-23 | F       |
| 1996-12-24 | M       |
| 1996-12-24 | F       |
| 1996-12-25 | M       |
| 1996-12-25 | F       |
| 1996-12-26 | M       |
| 1996-12-26 | F       |
| 1996-12-27 | M       |
| 1996-12-27 | F       |
| 1996-12-28 | M       |
| 1996-12-28 | F       |
| 1996-12-29 | M       |
| 1996-12-29 | F       |
| 1996-12-30 | M       |
| 1996-12-30 | F       |
| 1996-12-31 | M       |
| 1996-12-31 | F       |
| 1997-01-01 | M       |
| 1997-01-01 | F       |
| 1997-01-02 | M       |
| 1997-01-02 | F       |
| 1997-01-03 | M       |
| 1997-01-03 | F       |
| 1997-01-04 | M       |
| 1997-01-04 | F       |
| 1997-01-05 | M       |
| 1997-01-05 | F       |
| 1997-01-06 | M       |
| 1997-01-06 | F       |
| 1997-01-07 | M       |
| 1997-01-07 | F       |
| 1997-01-08 | M       |
| 1997-01-08 | F       |
| 1997-01-09 | M       |
| 1997-01-09 | F       |
| 1997-01-10 | M       |
| 1997-01-10 | F       |
| 1997-01-11 | M       |
| 1997-01-11 | F       |
| 1997-01-12 | M       |
| 1997-01-12 | F       |
| 1997-01-13 | M       |
| 1997-01-13 | F       |
| 1997-01-14 | M       |
| 1997-01-14 | F       |
| 1997-01-15 | M       |
| 1997-01-15 | F       |
| 1997-01-16 | M       |
| 1997-01-16 | F       |
| 1997-01-17 | M       |
| 1997-01-17 | F       |
| 1997-01-18 | M       |
| 1997-01-18 | F       |
| 1997-01-19 | M       |
| 1997-01-19 | F       |
| 1997-01-20 | M       |
| 1997-01-20 | F       |
| 1997-01-21 | M       |
| 1997-01-21 | F       |
| 1997-01-22 | M       |
| 1997-01-22 | F       |
| 1997-01-23 | M       |
| 1997-01-23 | F       |
| 1997-01-24 | M       |
| 1997-01-24 | F       |
| 1997-01-25 | M       |
| 1997-01-25 | F       |
| 1997-01-26 | M       |
| 1997-01-26 | F       |
| 1997-01-27 | M       |
| 1997-01-27 | F       |
| 1997-01-28 | M       |
| 1997-01-28 | F       |
| 1997-01-29 | M       |
| 1997-01-29 | F       |
| 1997-01-30 | M       |
| 1997-01-30 | F       |
| 1997-01-31 | M       |
| 1997-01-31 | F       |
| 1997-02-01 | M       |
| 1997-02-01 | F       |
| 1997-02-02 | M       |
| 1997-02-02 | F       |
| 1997-02-03 | M       |
| 1997-02-03 | F       |
| 1997-02-04 | M       |
| 1997-02-04 | F       |
| 1997-02-05 | M       |
| 1997-02-05 | F       |
| 1997-02-06 | M       |
| 1997-02-06 | F       |
| 1997-02-07 | M       |
| 1997-02-07 | F       |
| 1997-02-08 | M       |
| 1997-02-08 | F       |
| 1997-02-09 | M       |
| 1997-02-09 | F       |
| 1997-02-10 | M       |
| 1997-02-10 | F       |
| 1997-02-11 | M       |
| 1997-02-11 | F       |
| 1997-02-12 | M       |
| 1997-02-12 | F       |
| 1997-02-13 | M       |
| 1997-02-13 | F       |
| 1997-02-14 | M       |
| 1997-02-14 | F       |
| 1997-02-15 | M       |
| 1997-02-15 | F       |
| 1997-02-16 | M       |
| 1997-02-16 | F       |
| 1997-02-17 | M       |
| 1997-02-17 | F       |
| 1997-02-18 | M       |
| 1997-02-18 | F       |
| 1997-02-19 | M       |
| 1997-02-19 | F       |
| 1997-02-20 | M       |
| 1997-02-20 | F       |
| 1997-02-21 | M       |
| 1997-02-21 | F       |
| 1997-02-22 | M       |
| 1997-02-22 | F       |
| 1997-02-23 | M       |
| 1997-02-23 | F       |
| 1997-02-24 | M       |
| 1997-02-24 | F       |
| 1997-02-25 | M       |
| 1997-02-25 | F       |
| 1997-02-26 | M       |
| 1997-02-26 | F       |
| 1997-02-27 | M       |
| 1997-02-27 | F       |
| 1997-02-28 | M       |
| 1997-02-28 | F       |
| 1997-03-01 | M       |
| 1997-03-01 | F       |
| 1997-03-02 | M       |
| 1997-03-02 | F       |
| 1997-03-03 | M       |
| 1997-03-03 | F       |
| 1997-03-04 | M       |
| 1997-03-04 | F       |
| 1997-03-05 | M       |
| 1997-03-05 | F       |
| 1997-03-06 | M       |
| 1997-03-06 | F       |
| 1997-03-07 | M       |
| 1997-03-07 | F       |
| 1997-03-08 | M       |
| 1997-03-08 | F       |
| 1997-03-09 | M       |
| 1997-03-09 | F       |
| 1997-03-10 | M       |
| 1997-03-10 | F       |
| 1997-03-11 | M       |
| 1997-03-11 | F       |
| 1997-03-12 | M       |
| 1997-03-12 | F       |
| 1997-03-13 | M       |
| 1997-03-13 | F       |
| 1997-03-14 | M       |
| 1997-03-14 | F       |
| 1997-03-15 | M       |
| 1997-03-15 | F       |
| 1997-03-16 | M       |
| 1997-03-16 | F       |
| 1997-03-17 | M       |
| 1997-03-17 | F       |
| 1997-03-18 | M       |
| 1997-03-18 | F       |
| 1997-03-19 | M       |
| 1997-03-19 | F       |
| 1997-03-20 | M       |
| 1997-03-20 | F       |
| 1997-03-21 | M       |
| 1997-03-21 | F       |
| 1997-03-22 | M       |
| 1997-03-22 | F       |
| 1997-03-23 | M       |
| 1997-03-24 | M       |
| 1997-03-24 | F       |
| 1997-03-25 | M       |
| 1997-03-25 | F       |
| 1997-03-26 | M       |
| 1997-03-26 | F       |
| 1997-03-27 | M       |
| 1997-03-27 | F       |
| 1997-03-28 | M       |
| 1997-03-28 | F       |
| 1997-03-29 | M       |
| 1997-03-29 | F       |
| 1997-03-30 | M       |
| 1997-03-30 | F       |
| 1997-03-31 | M       |
| 1997-03-31 | F       |
| 1997-04-01 | M       |
| 1997-04-01 | F       |
| 1997-04-02 | M       |
| 1997-04-02 | F       |
| 1997-04-03 | M       |
| 1997-04-03 | F       |
| 1997-04-04 | M       |
| 1997-04-04 | F       |
| 1997-04-05 | M       |
| 1997-04-05 | F       |
| 1997-04-06 | M       |
| 1997-04-06 | F       |
| 1997-04-07 | M       |
| 1997-04-07 | F       |
| 1997-04-08 | M       |
| 1997-04-08 | F       |
| 1997-04-09 | M       |
| 1997-04-09 | F       |
| 1997-04-10 | M       |
| 1997-04-10 | F       |
| 1997-04-11 | M       |
| 1997-04-11 | F       |
| 1997-04-12 | M       |
| 1997-04-12 | F       |
| 1997-04-13 | M       |
| 1997-04-13 | F       |
| 1997-04-14 | M       |
| 1997-04-14 | F       |
| 1997-04-15 | M       |
| 1997-04-15 | F       |
| 1997-04-16 | M       |
| 1997-04-16 | F       |
| 1997-04-17 | M       |
| 1997-04-17 | F       |
| 1997-04-18 | M       |
| 1997-04-18 | F       |
| 1997-04-19 | M       |
| 1997-04-19 | F       |
| 1997-04-20 | M       |
| 1997-04-20 | F       |
| 1997-04-21 | M       |
| 1997-04-21 | F       |
| 1997-04-22 | M       |
| 1997-04-22 | F       |
| 1997-04-23 | M       |
| 1997-04-23 | F       |
| 1997-04-24 | M       |
| 1997-04-24 | F       |
| 1997-04-25 | M       |
| 1997-04-25 | F       |
| 1997-04-26 | M       |
| 1997-04-26 | F       |
| 1997-04-27 | M       |
| 1997-04-27 | F       |
| 1997-04-28 | M       |
| 1997-04-28 | F       |
| 1997-04-29 | M       |
| 1997-04-29 | F       |
| 1997-04-30 | M       |
| 1997-04-30 | F       |
| 1997-05-01 | M       |
| 1997-05-01 | F       |
| 1997-05-02 | M       |
| 1997-05-02 | F       |
| 1997-05-03 | M       |
| 1997-05-03 | F       |
| 1997-05-04 | M       |
| 1997-05-04 | F       |
| 1997-05-05 | M       |
| 1997-05-05 | F       |
| 1997-05-06 | M       |
| 1997-05-06 | F       |
| 1997-05-07 | M       |
| 1997-05-07 | F       |
| 1997-05-08 | M       |
| 1997-05-08 | F       |
| 1997-05-09 | M       |
| 1997-05-09 | F       |
| 1997-05-10 | M       |
| 1997-05-10 | F       |
| 1997-05-11 | M       |
| 1997-05-11 | F       |
| 1997-05-12 | M       |
| 1997-05-12 | F       |
| 1997-05-13 | M       |
| 1997-05-13 | F       |
| 1997-05-14 | M       |
| 1997-05-14 | F       |
| 1997-05-15 | M       |
| 1997-05-15 | F       |
| 1997-05-16 | M       |
| 1997-05-16 | F       |
| 1997-05-17 | M       |
| 1997-05-17 | F       |
| 1997-05-18 | M       |
| 1997-05-18 | F       |
| 1997-05-19 | M       |
| 1997-05-19 | F       |
| 1997-05-20 | M       |
| 1997-05-20 | F       |
| 1997-05-21 | M       |
| 1997-05-21 | F       |
| 1997-05-22 | M       |
| 1997-05-22 | F       |
| 1997-05-23 | M       |
| 1997-05-23 | F       |
| 1997-05-24 | M       |
| 1997-05-24 | F       |
| 1997-05-25 | M       |
| 1997-05-25 | F       |
| 1997-05-26 | M       |
| 1997-05-26 | F       |
| 1997-05-27 | M       |
| 1997-05-27 | F       |
| 1997-05-28 | M       |
| 1997-05-28 | F       |
| 1997-05-29 | M       |
| 1997-05-29 | F       |
| 1997-05-30 | M       |
| 1997-05-30 | F       |
| 1997-05-31 | M       |
| 1997-05-31 | F       |
| 1997-06-01 | M       |
| 1997-06-01 | F       |
| 1997-06-02 | M       |
| 1997-06-02 | F       |
| 1997-06-03 | M       |
| 1997-06-03 | F       |
| 1997-06-04 | M       |
| 1997-06-04 | F       |
| 1997-06-05 | M       |
| 1997-06-05 | F       |
| 1997-06-06 | M       |
| 1997-06-06 | F       |
| 1997-06-07 | M       |
| 1997-06-07 | F       |
| 1997-06-08 | M       |
| 1997-06-08 | F       |
| 1997-06-09 | M       |
| 1997-06-09 | F       |
| 1997-06-10 | M       |
| 1997-06-10 | F       |
| 1997-06-11 | M       |
| 1997-06-11 | F       |
| 1997-06-12 | M       |
| 1997-06-12 | F       |
| 1997-06-13 | M       |
| 1997-06-13 | F       |
| 1997-06-14 | M       |
| 1997-06-14 | F       |
| 1997-06-15 | M       |
| 1997-06-15 | F       |
| 1997-06-16 | M       |
| 1997-06-16 | F       |
| 1997-06-17 | M       |
| 1997-06-17 | F       |
| 1997-06-18 | M       |
| 1997-06-18 | F       |
| 1997-06-19 | M       |
| 1997-06-19 | F       |
| 1997-06-20 | M       |
| 1997-06-20 | F       |
| 1997-06-21 | M       |
| 1997-06-21 | F       |
| 1997-06-22 | M       |
| 1997-06-22 | F       |
| 1997-06-23 | M       |
| 1997-06-23 | F       |
| 1997-06-24 | M       |
| 1997-06-24 | F       |
| 1997-06-25 | M       |
| 1997-06-25 | F       |
| 1997-06-26 | M       |
| 1997-06-26 | F       |
| 1997-06-27 | M       |
| 1997-06-27 | F       |
| 1997-06-28 | M       |
| 1997-06-28 | F       |
| 1997-06-29 | M       |
| 1997-06-29 | F       |
| 1997-06-30 | M       |
| 1997-06-30 | F       |
| 1997-07-01 | M       |
| 1997-07-01 | F       |
| 1997-07-02 | M       |
| 1997-07-02 | F       |
| 1997-07-03 | M       |
| 1997-07-03 | F       |
| 1997-07-04 | M       |
| 1997-07-04 | F       |
| 1997-07-05 | M       |
| 1997-07-05 | F       |
| 1997-07-06 | M       |
| 1997-07-06 | F       |
| 1997-07-07 | M       |
| 1997-07-07 | F       |
| 1997-07-08 | M       |
| 1997-07-08 | F       |
| 1997-07-09 | M       |
| 1997-07-09 | F       |
| 1997-07-10 | M       |
| 1997-07-10 | F       |
| 1997-07-11 | M       |
| 1997-07-11 | F       |
| 1997-07-12 | M       |
| 1997-07-12 | F       |
| 1997-07-13 | M       |
| 1997-07-13 | F       |
| 1997-07-14 | M       |
| 1997-07-14 | F       |
| 1997-07-15 | M       |
| 1997-07-15 | F       |
| 1997-07-16 | M       |
| 1997-07-16 | F       |
| 1997-07-17 | M       |
| 1997-07-17 | F       |
| 1997-07-18 | M       |
| 1997-07-18 | F       |
| 1997-07-19 | M       |
| 1997-07-19 | F       |
| 1997-07-20 | M       |
| 1997-07-20 | F       |
| 1997-07-21 | M       |
| 1997-07-21 | F       |
| 1997-07-22 | M       |
| 1997-07-22 | F       |
| 1997-07-23 | M       |
| 1997-07-23 | F       |
| 1997-07-24 | M       |
| 1997-07-24 | F       |
| 1997-07-25 | M       |
| 1997-07-25 | F       |
| 1997-07-26 | M       |
| 1997-07-26 | F       |
| 1997-07-27 | M       |
| 1997-07-27 | F       |
| 1997-07-28 | M       |
| 1997-07-28 | F       |
| 1997-07-29 | M       |
| 1997-07-29 | F       |
| 1997-07-30 | M       |
| 1997-07-30 | F       |
| 1997-07-31 | M       |
| 1997-07-31 | F       |
| 1997-08-01 | M       |
| 1997-08-01 | F       |
| 1997-08-02 | M       |
| 1997-08-02 | F       |
| 1997-08-03 | M       |
| 1997-08-03 | F       |
| 1997-08-04 | M       |
| 1997-08-04 | F       |
| 1997-08-05 | M       |
| 1997-08-05 | F       |
| 1997-08-06 | M       |
| 1997-08-06 | F       |
| 1997-08-07 | M       |
| 1997-08-07 | F       |
| 1997-08-08 | M       |
| 1997-08-08 | F       |
| 1997-08-09 | M       |
| 1997-08-09 | F       |
| 1997-08-10 | M       |
| 1997-08-10 | F       |
| 1997-08-11 | M       |
| 1997-08-11 | F       |
| 1997-08-12 | M       |
| 1997-08-12 | F       |
| 1997-08-13 | M       |
| 1997-08-13 | F       |
| 1997-08-14 | M       |
| 1997-08-14 | F       |
| 1997-08-15 | M       |
| 1997-08-15 | F       |
| 1997-08-16 | M       |
| 1997-08-16 | F       |
| 1997-08-17 | M       |
| 1997-08-17 | F       |
| 1997-08-18 | M       |
| 1997-08-18 | F       |
| 1997-08-19 | M       |
| 1997-08-19 | F       |
| 1997-08-20 | M       |
| 1997-08-20 | F       |
| 1997-08-21 | M       |
| 1997-08-21 | F       |
| 1997-08-22 | M       |
| 1997-08-22 | F       |
| 1997-08-23 | M       |
| 1997-08-23 | F       |
| 1997-08-24 | M       |
| 1997-08-24 | F       |
| 1997-08-25 | M       |
| 1997-08-25 | F       |
| 1997-08-26 | M       |
| 1997-08-26 | F       |
| 1997-08-27 | M       |
| 1997-08-27 | F       |
| 1997-08-28 | M       |
| 1997-08-28 | F       |
| 1997-08-29 | M       |
| 1997-08-29 | F       |
| 1997-08-30 | M       |
| 1997-08-30 | F       |
| 1997-08-31 | M       |
| 1997-08-31 | F       |
| 1997-09-01 | M       |
| 1997-09-01 | F       |
| 1997-09-02 | M       |
| 1997-09-02 | F       |
| 1997-09-03 | M       |
| 1997-09-03 | F       |
| 1997-09-04 | M       |
| 1997-09-04 | F       |
| 1997-09-05 | M       |
| 1997-09-05 | F       |
| 1997-09-06 | M       |
| 1997-09-06 | F       |
| 1997-09-07 | M       |
| 1997-09-07 | F       |
| 1997-09-08 | M       |
| 1997-09-08 | F       |
| 1997-09-09 | M       |
| 1997-09-09 | F       |
| 1997-09-10 | M       |
| 1997-09-10 | F       |
| 1997-09-11 | M       |
| 1997-09-11 | F       |
| 1997-09-12 | M       |
| 1997-09-12 | F       |
| 1997-09-13 | M       |
| 1997-09-13 | F       |
| 1997-09-14 | M       |
| 1997-09-14 | F       |
| 1997-09-15 | M       |
| 1997-09-15 | F       |
| 1997-09-16 | M       |
| 1997-09-16 | F       |
| 1997-09-17 | M       |
| 1997-09-17 | F       |
| 1997-09-18 | M       |
| 1997-09-18 | F       |
| 1997-09-19 | M       |
| 1997-09-19 | F       |
| 1997-09-20 | M       |
| 1997-09-20 | F       |
| 1997-09-21 | M       |
| 1997-09-21 | F       |
| 1997-09-22 | M       |
| 1997-09-22 | F       |
| 1997-09-23 | M       |
| 1997-09-23 | F       |
| 1997-09-24 | M       |
| 1997-09-24 | F       |
| 1997-09-25 | M       |
| 1997-09-25 | F       |
| 1997-09-26 | M       |
| 1997-09-26 | F       |
| 1997-09-27 | M       |
| 1997-09-27 | F       |
| 1997-09-28 | M       |
| 1997-09-28 | F       |
| 1997-09-29 | M       |
| 1997-09-29 | F       |
| 1997-09-30 | M       |
| 1997-09-30 | F       |
| 1997-10-01 | M       |
| 1997-10-01 | F       |
| 1997-10-02 | M       |
| 1997-10-02 | F       |
| 1997-10-03 | M       |
| 1997-10-03 | F       |
| 1997-10-04 | M       |
| 1997-10-04 | F       |
| 1997-10-05 | M       |
| 1997-10-05 | F       |
| 1997-10-06 | M       |
| 1997-10-06 | F       |
| 1997-10-07 | M       |
| 1997-10-07 | F       |
| 1997-10-08 | M       |
| 1997-10-08 | F       |
| 1997-10-09 | M       |
| 1997-10-09 | F       |
| 1997-10-10 | M       |
| 1997-10-10 | F       |
| 1997-10-11 | M       |
| 1997-10-11 | F       |
| 1997-10-12 | M       |
| 1997-10-12 | F       |
| 1997-10-13 | M       |
| 1997-10-13 | F       |
| 1997-10-14 | M       |
| 1997-10-14 | F       |
| 1997-10-15 | M       |
| 1997-10-15 | F       |
| 1997-10-16 | M       |
| 1997-10-16 | F       |
| 1997-10-17 | M       |
| 1997-10-17 | F       |
| 1997-10-18 | M       |
| 1997-10-18 | F       |
| 1997-10-19 | M       |
| 1997-10-19 | F       |
| 1997-10-20 | M       |
| 1997-10-20 | F       |
| 1997-10-21 | M       |
| 1997-10-21 | F       |
| 1997-10-22 | M       |
| 1997-10-22 | F       |
| 1997-10-23 | M       |
| 1997-10-23 | F       |
| 1997-10-24 | M       |
| 1997-10-24 | F       |
| 1997-10-25 | M       |
| 1997-10-25 | F       |
| 1997-10-26 | M       |
| 1997-10-26 | F       |
| 1997-10-27 | M       |
| 1997-10-27 | F       |
| 1997-10-28 | M       |
| 1997-10-28 | F       |
| 1997-10-29 | M       |
| 1997-10-29 | F       |
| 1997-10-30 | M       |
| 1997-10-30 | F       |
| 1997-10-31 | M       |
| 1997-10-31 | F       |
| 1997-11-01 | M       |
| 1997-11-01 | F       |
| 1997-11-02 | M       |
| 1997-11-02 | F       |
| 1997-11-03 | M       |
| 1997-11-03 | F       |
| 1997-11-04 | M       |
| 1997-11-04 | F       |
| 1997-11-05 | M       |
| 1997-11-05 | F       |
| 1997-11-06 | M       |
| 1997-11-06 | F       |
| 1997-11-07 | M       |
| 1997-11-07 | F       |
| 1997-11-08 | M       |
| 1997-11-08 | F       |
| 1997-11-09 | M       |
| 1997-11-09 | F       |
| 1997-11-10 | M       |
| 1997-11-10 | F       |
| 1997-11-11 | M       |
| 1997-11-11 | F       |
| 1997-11-12 | M       |
| 1997-11-12 | F       |
| 1997-11-13 | M       |
| 1997-11-13 | F       |
| 1997-11-14 | M       |
| 1997-11-14 | F       |
| 1997-11-15 | M       |
| 1997-11-15 | F       |
| 1997-11-16 | M       |
| 1997-11-16 | F       |
| 1997-11-17 | M       |
| 1997-11-17 | F       |
| 1997-11-18 | M       |
| 1997-11-18 | F       |
| 1997-11-19 | M       |
| 1997-11-19 | F       |
| 1997-11-20 | M       |
| 1997-11-20 | F       |
| 1997-11-21 | M       |
| 1997-11-21 | F       |
| 1997-11-22 | M       |
| 1997-11-22 | F       |
| 1997-11-23 | M       |
| 1997-11-23 | F       |
| 1997-11-24 | M       |
| 1997-11-24 | F       |
| 1997-11-25 | M       |
| 1997-11-25 | F       |
| 1997-11-26 | M       |
| 1997-11-26 | F       |
| 1997-11-27 | M       |
| 1997-11-27 | F       |
| 1997-11-28 | M       |
| 1997-11-28 | F       |
| 1997-11-29 | M       |
| 1997-11-29 | F       |
| 1997-11-30 | M       |
| 1997-11-30 | F       |
| 1997-12-01 | M       |
| 1997-12-01 | F       |
| 1997-12-02 | M       |
| 1997-12-02 | F       |
| 1997-12-03 | M       |
| 1997-12-03 | F       |
| 1997-12-04 | M       |
| 1997-12-04 | F       |
| 1997-12-05 | M       |
| 1997-12-05 | F       |
| 1997-12-06 | M       |
| 1997-12-06 | F       |
| 1997-12-07 | M       |
| 1997-12-07 | F       |
| 1997-12-08 | M       |
| 1997-12-08 | F       |
| 1997-12-09 | M       |
| 1997-12-09 | F       |
| 1997-12-10 | M       |
| 1997-12-10 | F       |
| 1997-12-11 | M       |
| 1997-12-11 | F       |
| 1997-12-12 | M       |
| 1997-12-12 | F       |
| 1997-12-13 | M       |
| 1997-12-13 | F       |
| 1997-12-14 | M       |
| 1997-12-14 | F       |
| 1997-12-15 | M       |
| 1997-12-15 | F       |
| 1997-12-16 | M       |
| 1997-12-16 | F       |
| 1997-12-17 | M       |
| 1997-12-17 | F       |
| 1997-12-18 | M       |
| 1997-12-18 | F       |
| 1997-12-19 | M       |
| 1997-12-19 | F       |
| 1997-12-20 | M       |
| 1997-12-20 | F       |
| 1997-12-21 | M       |
| 1997-12-21 | F       |
| 1997-12-22 | M       |
| 1997-12-22 | F       |
| 1997-12-23 | M       |
| 1997-12-23 | F       |
| 1997-12-24 | M       |
| 1997-12-24 | F       |
| 1997-12-25 | M       |
| 1997-12-25 | F       |
| 1997-12-26 | M       |
| 1997-12-26 | F       |
| 1997-12-27 | M       |
| 1997-12-27 | F       |
| 1997-12-28 | M       |
| 1997-12-28 | F       |
| 1997-12-29 | M       |
| 1997-12-29 | F       |
| 1997-12-30 | M       |
| 1997-12-30 | F       |
| 1997-12-31 | M       |
| 1997-12-31 | F       |
| 1998-01-01 | M       |
| 1998-01-01 | F       |
| 1998-01-02 | M       |
| 1998-01-02 | F       |
| 1998-01-03 | M       |
| 1998-01-03 | F       |
| 1998-01-04 | M       |
| 1998-01-04 | F       |
| 1998-01-05 | M       |
| 1998-01-05 | F       |
| 1998-01-06 | M       |
| 1998-01-06 | F       |
| 1998-01-07 | M       |
| 1998-01-07 | F       |
| 1998-01-08 | M       |
| 1998-01-08 | F       |
| 1998-01-09 | M       |
| 1998-01-09 | F       |
| 1998-01-10 | M       |
| 1998-01-10 | F       |
| 1998-01-11 | M       |
| 1998-01-11 | F       |
| 1998-01-12 | M       |
| 1998-01-12 | F       |
| 1998-01-13 | M       |
| 1998-01-13 | F       |
| 1998-01-14 | M       |
| 1998-01-14 | F       |
| 1998-01-15 | M       |
| 1998-01-15 | F       |
| 1998-01-16 | M       |
| 1998-01-16 | F       |
| 1998-01-17 | M       |
| 1998-01-17 | F       |
| 1998-01-18 | M       |
| 1998-01-18 | F       |
| 1998-01-19 | M       |
| 1998-01-19 | F       |
| 1998-01-20 | M       |
| 1998-01-20 | F       |
| 1998-01-21 | M       |
| 1998-01-21 | F       |
| 1998-01-22 | M       |
| 1998-01-22 | F       |
| 1998-01-23 | M       |
| 1998-01-23 | F       |
| 1998-01-24 | M       |
| 1998-01-24 | F       |
| 1998-01-25 | M       |
| 1998-01-25 | F       |
| 1998-01-26 | M       |
| 1998-01-26 | F       |
| 1998-01-27 | M       |
| 1998-01-27 | F       |
| 1998-01-28 | M       |
| 1998-01-28 | F       |
| 1998-01-29 | M       |
| 1998-01-29 | F       |
| 1998-01-30 | M       |
| 1998-01-30 | F       |
| 1998-01-31 | M       |
| 1998-01-31 | F       |
| 1998-02-01 | M       |
| 1998-02-01 | F       |
| 1998-02-02 | M       |
| 1998-02-02 | F       |
| 1998-02-03 | M       |
| 1998-02-03 | F       |
| 1998-02-04 | M       |
| 1998-02-04 | F       |
| 1998-02-05 | M       |
| 1998-02-05 | F       |
| 1998-02-06 | M       |
| 1998-02-06 | F       |
| 1998-02-07 | M       |
| 1998-02-07 | F       |
| 1998-02-08 | M       |
| 1998-02-08 | F       |
| 1998-02-09 | M       |
| 1998-02-09 | F       |
| 1998-02-10 | M       |
| 1998-02-10 | F       |
| 1998-02-11 | M       |
| 1998-02-11 | F       |
| 1998-02-12 | M       |
| 1998-02-12 | F       |
| 1998-02-13 | M       |
| 1998-02-13 | F       |
| 1998-02-14 | M       |
| 1998-02-14 | F       |
| 1998-02-15 | M       |
| 1998-02-15 | F       |
| 1998-02-16 | M       |
| 1998-02-16 | F       |
| 1998-02-17 | M       |
| 1998-02-17 | F       |
| 1998-02-18 | M       |
| 1998-02-18 | F       |
| 1998-02-19 | M       |
| 1998-02-19 | F       |
| 1998-02-20 | M       |
| 1998-02-20 | F       |
| 1998-02-21 | M       |
| 1998-02-21 | F       |
| 1998-02-22 | M       |
| 1998-02-22 | F       |
| 1998-02-23 | M       |
| 1998-02-23 | F       |
| 1998-02-24 | M       |
| 1998-02-24 | F       |
| 1998-02-25 | M       |
| 1998-02-25 | F       |
| 1998-02-26 | M       |
| 1998-02-26 | F       |
| 1998-02-27 | M       |
| 1998-02-27 | F       |
| 1998-02-28 | M       |
| 1998-02-28 | F       |
| 1998-03-01 | M       |
| 1998-03-01 | F       |
| 1998-03-02 | M       |
| 1998-03-02 | F       |
| 1998-03-03 | M       |
| 1998-03-03 | F       |
| 1998-03-04 | M       |
| 1998-03-04 | F       |
| 1998-03-05 | M       |
| 1998-03-05 | F       |
| 1998-03-06 | M       |
| 1998-03-06 | F       |
| 1998-03-07 | M       |
| 1998-03-07 | F       |
| 1998-03-08 | M       |
| 1998-03-08 | F       |
| 1998-03-09 | M       |
| 1998-03-09 | F       |
| 1998-03-10 | M       |
| 1998-03-10 | F       |
| 1998-03-11 | M       |
| 1998-03-11 | F       |
| 1998-03-12 | M       |
| 1998-03-12 | F       |
| 1998-03-13 | M       |
| 1998-03-13 | F       |
| 1998-03-14 | M       |
| 1998-03-14 | F       |
| 1998-03-15 | M       |
| 1998-03-15 | F       |
| 1998-03-16 | M       |
| 1998-03-16 | F       |
| 1998-03-17 | M       |
| 1998-03-17 | F       |
| 1998-03-18 | M       |
| 1998-03-18 | F       |
| 1998-03-19 | M       |
| 1998-03-19 | F       |
| 1998-03-20 | M       |
| 1998-03-20 | F       |
| 1998-03-21 | M       |
| 1998-03-21 | F       |
| 1998-03-22 | M       |
| 1998-03-22 | F       |
| 1998-03-23 | M       |
| 1998-03-23 | F       |
| 1998-03-24 | M       |
| 1998-03-24 | F       |
| 1998-03-25 | M       |
| 1998-03-25 | F       |
| 1998-03-26 | M       |
| 1998-03-26 | F       |
| 1998-03-27 | M       |
| 1998-03-27 | F       |
| 1998-03-28 | M       |
| 1998-03-28 | F       |
| 1998-03-29 | M       |
| 1998-03-29 | F       |
| 1998-03-30 | M       |
| 1998-03-30 | F       |
| 1998-03-31 | M       |
| 1998-03-31 | F       |
| 1998-04-01 | M       |
| 1998-04-01 | F       |
| 1998-04-02 | M       |
| 1998-04-02 | F       |
| 1998-04-03 | M       |
| 1998-04-03 | F       |
| 1998-04-04 | M       |
| 1998-04-04 | F       |
| 1998-04-05 | M       |
| 1998-04-05 | F       |
| 1998-04-06 | M       |
| 1998-04-06 | F       |
| 1998-04-07 | M       |
| 1998-04-07 | F       |
| 1998-04-08 | M       |
| 1998-04-08 | F       |
| 1998-04-09 | M       |
| 1998-04-09 | F       |
| 1998-04-10 | M       |
| 1998-04-10 | F       |
| 1998-04-11 | M       |
| 1998-04-11 | F       |
| 1998-04-12 | M       |
| 1998-04-12 | F       |
| 1998-04-13 | M       |
| 1998-04-13 | F       |
| 1998-04-14 | M       |
| 1998-04-14 | F       |
| 1998-04-15 | M       |
| 1998-04-15 | F       |
| 1998-04-16 | M       |
| 1998-04-16 | F       |
| 1998-04-17 | M       |
| 1998-04-17 | F       |
| 1998-04-18 | M       |
| 1998-04-18 | F       |
| 1998-04-19 | M       |
| 1998-04-19 | F       |
| 1998-04-20 | M       |
| 1998-04-20 | F       |
| 1998-04-21 | M       |
| 1998-04-21 | F       |
| 1998-04-22 | M       |
| 1998-04-22 | F       |
| 1998-04-23 | M       |
| 1998-04-23 | F       |
| 1998-04-24 | M       |
| 1998-04-24 | F       |
| 1998-04-25 | M       |
| 1998-04-25 | F       |
| 1998-04-26 | M       |
| 1998-04-26 | F       |
| 1998-04-27 | M       |
| 1998-04-27 | F       |
| 1998-04-28 | M       |
| 1998-04-28 | F       |
| 1998-04-29 | M       |
| 1998-04-29 | F       |
| 1998-04-30 | M       |
| 1998-04-30 | F       |
| 1998-05-01 | M       |
| 1998-05-01 | F       |
| 1998-05-02 | M       |
| 1998-05-02 | F       |
| 1998-05-03 | M       |
| 1998-05-03 | F       |
| 1998-05-04 | M       |
| 1998-05-04 | F       |
| 1998-05-05 | M       |
| 1998-05-05 | F       |
| 1998-05-06 | M       |
| 1998-05-06 | F       |
| 1998-05-07 | M       |
| 1998-05-07 | F       |
| 1998-05-08 | M       |
| 1998-05-08 | F       |
| 1998-05-09 | M       |
| 1998-05-09 | F       |
| 1998-05-10 | M       |
| 1998-05-10 | F       |
| 1998-05-11 | M       |
| 1998-05-11 | F       |
| 1998-05-12 | M       |
| 1998-05-12 | F       |
| 1998-05-13 | M       |
| 1998-05-13 | F       |
| 1998-05-14 | M       |
| 1998-05-14 | F       |
| 1998-05-15 | M       |
| 1998-05-15 | F       |
| 1998-05-16 | M       |
| 1998-05-16 | F       |
| 1998-05-17 | M       |
| 1998-05-17 | F       |
| 1998-05-18 | M       |
| 1998-05-18 | F       |
| 1998-05-19 | M       |
| 1998-05-19 | F       |
| 1998-05-20 | M       |
| 1998-05-20 | F       |
| 1998-05-21 | M       |
| 1998-05-21 | F       |
| 1998-05-22 | M       |
| 1998-05-22 | F       |
| 1998-05-23 | M       |
| 1998-05-23 | F       |
| 1998-05-24 | M       |
| 1998-05-24 | F       |
| 1998-05-25 | M       |
| 1998-05-25 | F       |
| 1998-05-26 | M       |
| 1998-05-26 | F       |
| 1998-05-27 | M       |
| 1998-05-27 | F       |
| 1998-05-28 | M       |
| 1998-05-28 | F       |
| 1998-05-29 | M       |
| 1998-05-29 | F       |
| 1998-05-30 | M       |
| 1998-05-30 | F       |
| 1998-05-31 | M       |
| 1998-05-31 | F       |
| 1998-06-01 | M       |
| 1998-06-01 | F       |
| 1998-06-02 | M       |
| 1998-06-02 | F       |
| 1998-06-03 | M       |
| 1998-06-03 | F       |
| 1998-06-04 | M       |
| 1998-06-04 | F       |
| 1998-06-05 | M       |
| 1998-06-05 | F       |
| 1998-06-06 | M       |
| 1998-06-06 | F       |
| 1998-06-07 | M       |
| 1998-06-07 | F       |
| 1998-06-08 | M       |
| 1998-06-08 | F       |
| 1998-06-09 | M       |
| 1998-06-09 | F       |
| 1998-06-10 | M       |
| 1998-06-10 | F       |
| 1998-06-11 | M       |
| 1998-06-11 | F       |
| 1998-06-12 | M       |
| 1998-06-12 | F       |
| 1998-06-13 | M       |
| 1998-06-13 | F       |
| 1998-06-14 | M       |
| 1998-06-14 | F       |
| 1998-06-15 | M       |
| 1998-06-15 | F       |
| 1998-06-16 | M       |
| 1998-06-16 | F       |
| 1998-06-17 | M       |
| 1998-06-17 | F       |
| 1998-06-18 | M       |
| 1998-06-19 | M       |
| 1998-06-19 | F       |
| 1998-06-20 | M       |
| 1998-06-20 | F       |
| 1998-06-21 | M       |
| 1998-06-21 | F       |
| 1998-06-22 | M       |
| 1998-06-22 | F       |
| 1998-06-23 | M       |
| 1998-06-23 | F       |
| 1998-06-24 | M       |
| 1998-06-24 | F       |
| 1998-06-25 | M       |
| 1998-06-25 | F       |
| 1998-06-26 | M       |
| 1998-06-26 | F       |
| 1998-06-27 | M       |
| 1998-06-27 | F       |
| 1998-06-28 | M       |
| 1998-06-28 | F       |
| 1998-06-29 | M       |
| 1998-06-29 | F       |
| 1998-06-30 | M       |
| 1998-06-30 | F       |
| 1998-07-01 | M       |
| 1998-07-01 | F       |
| 1998-07-02 | M       |
| 1998-07-02 | F       |
| 1998-07-03 | M       |
| 1998-07-03 | F       |
| 1998-07-04 | M       |
| 1998-07-04 | F       |
| 1998-07-05 | M       |
| 1998-07-05 | F       |
| 1998-07-06 | M       |
| 1998-07-06 | F       |
| 1998-07-07 | M       |
| 1998-07-07 | F       |
| 1998-07-08 | M       |
| 1998-07-08 | F       |
| 1998-07-09 | M       |
| 1998-07-09 | F       |
| 1998-07-10 | M       |
| 1998-07-10 | F       |
| 1998-07-11 | M       |
| 1998-07-11 | F       |
| 1998-07-12 | M       |
| 1998-07-12 | F       |
| 1998-07-13 | M       |
| 1998-07-13 | F       |
| 1998-07-14 | M       |
| 1998-07-14 | F       |
| 1998-07-15 | M       |
| 1998-07-15 | F       |
| 1998-07-16 | M       |
| 1998-07-16 | F       |
| 1998-07-17 | M       |
| 1998-07-17 | F       |
| 1998-07-18 | M       |
| 1998-07-18 | F       |
| 1998-07-19 | M       |
| 1998-07-19 | F       |
| 1998-07-20 | M       |
| 1998-07-20 | F       |
| 1998-07-21 | M       |
| 1998-07-21 | F       |
| 1998-07-22 | M       |
| 1998-07-22 | F       |
| 1998-07-23 | M       |
| 1998-07-23 | F       |
| 1998-07-24 | M       |
| 1998-07-24 | F       |
| 1998-07-25 | M       |
| 1998-07-25 | F       |
| 1998-07-26 | M       |
| 1998-07-26 | F       |
| 1998-07-27 | M       |
| 1998-07-27 | F       |
| 1998-07-28 | M       |
| 1998-07-28 | F       |
| 1998-07-29 | M       |
| 1998-07-29 | F       |
| 1998-07-30 | M       |
| 1998-07-30 | F       |
| 1998-07-31 | M       |
| 1998-07-31 | F       |
| 1998-08-01 | M       |
| 1998-08-01 | F       |
| 1998-08-02 | M       |
| 1998-08-02 | F       |
| 1998-08-03 | M       |
| 1998-08-03 | F       |
| 1998-08-04 | M       |
| 1998-08-04 | F       |
| 1998-08-05 | M       |
| 1998-08-05 | F       |
| 1998-08-06 | M       |
| 1998-08-06 | F       |
| 1998-08-07 | M       |
| 1998-08-07 | F       |
| 1998-08-08 | M       |
| 1998-08-08 | F       |
| 1998-08-09 | M       |
| 1998-08-09 | F       |
| 1998-08-10 | M       |
| 1998-08-10 | F       |
| 1998-08-11 | M       |
| 1998-08-11 | F       |
| 1998-08-12 | M       |
| 1998-08-12 | F       |
| 1998-08-13 | M       |
| 1998-08-14 | M       |
| 1998-08-14 | F       |
| 1998-08-15 | M       |
| 1998-08-15 | F       |
| 1998-08-16 | M       |
| 1998-08-16 | F       |
| 1998-08-17 | M       |
| 1998-08-17 | F       |
| 1998-08-18 | M       |
| 1998-08-18 | F       |
| 1998-08-19 | M       |
| 1998-08-19 | F       |
| 1998-08-20 | M       |
| 1998-08-20 | F       |
| 1998-08-21 | M       |
| 1998-08-21 | F       |
| 1998-08-22 | M       |
| 1998-08-22 | F       |
| 1998-08-23 | M       |
| 1998-08-23 | F       |
| 1998-08-24 | M       |
| 1998-08-24 | F       |
| 1998-08-25 | M       |
| 1998-08-25 | F       |
| 1998-08-26 | M       |
| 1998-08-26 | F       |
| 1998-08-27 | M       |
| 1998-08-27 | F       |
| 1998-08-28 | M       |
| 1998-08-28 | F       |
| 1998-08-29 | M       |
| 1998-08-29 | F       |
| 1998-08-30 | M       |
| 1998-08-30 | F       |
| 1998-08-31 | M       |
| 1998-08-31 | F       |
| 1998-09-01 | M       |
| 1998-09-01 | F       |
| 1998-09-02 | M       |
| 1998-09-02 | F       |
| 1998-09-03 | M       |
| 1998-09-03 | F       |
| 1998-09-04 | M       |
| 1998-09-04 | F       |
| 1998-09-05 | M       |
| 1998-09-05 | F       |
| 1998-09-06 | M       |
| 1998-09-06 | F       |
| 1998-09-07 | M       |
| 1998-09-08 | M       |
| 1998-09-08 | F       |
| 1998-09-09 | M       |
| 1998-09-09 | F       |
| 1998-09-10 | M       |
| 1998-09-10 | F       |
| 1998-09-11 | M       |
| 1998-09-11 | F       |
| 1998-09-12 | M       |
| 1998-09-12 | F       |
| 1998-09-13 | M       |
| 1998-09-13 | F       |
| 1998-09-14 | M       |
| 1998-09-14 | F       |
| 1998-09-15 | M       |
| 1998-09-15 | F       |
| 1998-09-16 | M       |
| 1998-09-16 | F       |
| 1998-09-17 | M       |
| 1998-09-17 | F       |
| 1998-09-18 | M       |
| 1998-09-18 | F       |
| 1998-09-19 | M       |
| 1998-09-19 | F       |
| 1998-09-20 | M       |
| 1998-09-20 | F       |
| 1998-09-21 | M       |
| 1998-09-21 | F       |
| 1998-09-22 | M       |
| 1998-09-22 | F       |
| 1998-09-23 | M       |
| 1998-09-23 | F       |
| 1998-09-24 | M       |
| 1998-09-24 | F       |
| 1998-09-25 | M       |
| 1998-09-25 | F       |
| 1998-09-26 | M       |
| 1998-09-26 | F       |
| 1998-09-27 | M       |
| 1998-09-27 | F       |
| 1998-09-28 | M       |
| 1998-09-28 | F       |
| 1998-09-29 | M       |
| 1998-09-29 | F       |
| 1998-09-30 | M       |
| 1998-09-30 | F       |
| 1998-10-01 | M       |
| 1998-10-01 | F       |
| 1998-10-02 | M       |
| 1998-10-02 | F       |
| 1998-10-03 | M       |
| 1998-10-03 | F       |
| 1998-10-04 | M       |
| 1998-10-04 | F       |
| 1998-10-05 | M       |
| 1998-10-05 | F       |
| 1998-10-06 | M       |
| 1998-10-06 | F       |
| 1998-10-07 | M       |
| 1998-10-07 | F       |
| 1998-10-08 | M       |
| 1998-10-08 | F       |
| 1998-10-09 | M       |
| 1998-10-09 | F       |
| 1998-10-10 | M       |
| 1998-10-10 | F       |
| 1998-10-11 | M       |
| 1998-10-11 | F       |
| 1998-10-12 | M       |
| 1998-10-12 | F       |
| 1998-10-13 | M       |
| 1998-10-13 | F       |
| 1998-10-14 | M       |
| 1998-10-14 | F       |
| 1998-10-15 | M       |
| 1998-10-16 | M       |
| 1998-10-16 | F       |
| 1998-10-17 | M       |
| 1998-10-17 | F       |
| 1998-10-18 | M       |
| 1998-10-18 | F       |
| 1998-10-19 | M       |
| 1998-10-19 | F       |
| 1998-10-20 | M       |
| 1998-10-20 | F       |
| 1998-10-21 | M       |
| 1998-10-21 | F       |
| 1998-10-22 | M       |
| 1998-10-22 | F       |
| 1998-10-23 | M       |
| 1998-10-23 | F       |
| 1998-10-24 | M       |
| 1998-10-24 | F       |
| 1998-10-25 | M       |
| 1998-10-25 | F       |
| 1998-10-26 | M       |
| 1998-10-26 | F       |
| 1998-10-27 | M       |
| 1998-10-27 | F       |
| 1998-10-28 | M       |
| 1998-10-28 | F       |
| 1998-10-29 | M       |
| 1998-10-29 | F       |
| 1998-10-30 | M       |
| 1998-10-30 | F       |
| 1998-10-31 | M       |
| 1998-10-31 | F       |
| 1998-11-01 | M       |
| 1998-11-01 | F       |
| 1998-11-02 | M       |
| 1998-11-02 | F       |
| 1998-11-03 | M       |
| 1998-11-03 | F       |
| 1998-11-04 | M       |
| 1998-11-04 | F       |
| 1998-11-05 | M       |
| 1998-11-05 | F       |
| 1998-11-06 | M       |
| 1998-11-06 | F       |
| 1998-11-07 | M       |
| 1998-11-07 | F       |
| 1998-11-08 | M       |
| 1998-11-08 | F       |
| 1998-11-09 | M       |
| 1998-11-09 | F       |
| 1998-11-10 | M       |
| 1998-11-10 | F       |
| 1998-11-11 | M       |
| 1998-11-11 | F       |
| 1998-11-12 | M       |
| 1998-11-12 | F       |
| 1998-11-13 | M       |
| 1998-11-13 | F       |
| 1998-11-14 | M       |
| 1998-11-14 | F       |
| 1998-11-15 | M       |
| 1998-11-15 | F       |
| 1998-11-16 | M       |
| 1998-11-16 | F       |
| 1998-11-17 | M       |
| 1998-11-17 | F       |
| 1998-11-18 | M       |
| 1998-11-18 | F       |
| 1998-11-19 | M       |
| 1998-11-19 | F       |
| 1998-11-20 | M       |
| 1998-11-20 | F       |
| 1998-11-21 | M       |
| 1998-11-21 | F       |
| 1998-11-22 | M       |
| 1998-11-22 | F       |
| 1998-11-23 | M       |
| 1998-11-23 | F       |
| 1998-11-24 | M       |
| 1998-11-24 | F       |
| 1998-11-25 | M       |
| 1998-11-25 | F       |
| 1998-11-26 | M       |
| 1998-11-26 | F       |
| 1998-11-27 | M       |
| 1998-11-27 | F       |
| 1998-11-28 | M       |
| 1998-11-28 | F       |
| 1998-11-29 | M       |
| 1998-11-29 | F       |
| 1998-11-30 | M       |
| 1998-11-30 | F       |
| 1998-12-01 | M       |
| 1998-12-01 | F       |
| 1998-12-02 | M       |
| 1998-12-02 | F       |
| 1998-12-03 | M       |
| 1998-12-03 | F       |
| 1998-12-04 | M       |
| 1998-12-04 | F       |
| 1998-12-05 | M       |
| 1998-12-05 | F       |
| 1998-12-06 | M       |
| 1998-12-06 | F       |
| 1998-12-07 | M       |
| 1998-12-07 | F       |
| 1998-12-08 | M       |
| 1998-12-08 | F       |
| 1998-12-09 | M       |
| 1998-12-09 | F       |
| 1998-12-10 | M       |
| 1998-12-10 | F       |
| 1998-12-11 | M       |
| 1998-12-11 | F       |
| 1998-12-12 | M       |
| 1998-12-12 | F       |
| 1998-12-13 | M       |
| 1998-12-13 | F       |
| 1998-12-14 | M       |
| 1998-12-14 | F       |
| 1998-12-15 | M       |
| 1998-12-15 | F       |
| 1998-12-16 | M       |
| 1998-12-16 | F       |
| 1998-12-17 | M       |
| 1998-12-17 | F       |
| 1998-12-18 | M       |
| 1998-12-18 | F       |
| 1998-12-19 | M       |
| 1998-12-19 | F       |
| 1998-12-20 | M       |
| 1998-12-20 | F       |
| 1998-12-21 | M       |
| 1998-12-21 | F       |
| 1998-12-22 | M       |
| 1998-12-22 | F       |
| 1998-12-23 | M       |
| 1998-12-23 | F       |
| 1998-12-24 | M       |
| 1998-12-24 | F       |
| 1998-12-25 | M       |
| 1998-12-25 | F       |
| 1998-12-26 | M       |
| 1998-12-26 | F       |
| 1998-12-27 | M       |
| 1998-12-27 | F       |
| 1998-12-28 | M       |
| 1998-12-28 | F       |
| 1998-12-29 | M       |
| 1998-12-29 | F       |
| 1998-12-30 | M       |
| 1998-12-30 | F       |
| 1998-12-31 | M       |
| 1998-12-31 | F       |
| 1999-01-01 | M       |
| 1999-01-01 | F       |
| 1999-01-02 | M       |
| 1999-01-02 | F       |
| 1999-01-03 | M       |
| 1999-01-03 | F       |
| 1999-01-04 | M       |
| 1999-01-04 | F       |
| 1999-01-05 | M       |
| 1999-01-05 | F       |
| 1999-01-06 | M       |
| 1999-01-06 | F       |
| 1999-01-07 | F       |
| 1999-01-08 | M       |
| 1999-01-08 | F       |
| 1999-01-09 | M       |
| 1999-01-09 | F       |
| 1999-01-10 | M       |
| 1999-01-10 | F       |
| 1999-01-11 | M       |
| 1999-01-11 | F       |
| 1999-01-12 | M       |
| 1999-01-12 | F       |
| 1999-01-13 | M       |
| 1999-01-13 | F       |
| 1999-01-14 | M       |
| 1999-01-14 | F       |
| 1999-01-15 | M       |
| 1999-01-15 | F       |
| 1999-01-16 | M       |
| 1999-01-16 | F       |
| 1999-01-17 | M       |
| 1999-01-17 | F       |
| 1999-01-18 | M       |
| 1999-01-18 | F       |
| 1999-01-19 | M       |
| 1999-01-19 | F       |
| 1999-01-20 | M       |
| 1999-01-20 | F       |
| 1999-01-21 | M       |
| 1999-01-21 | F       |
| 1999-01-22 | M       |
| 1999-01-22 | F       |
| 1999-01-23 | M       |
| 1999-01-23 | F       |
| 1999-01-24 | M       |
| 1999-01-24 | F       |
| 1999-01-25 | M       |
| 1999-01-25 | F       |
| 1999-01-26 | M       |
| 1999-01-26 | F       |
| 1999-01-27 | M       |
| 1999-01-27 | F       |
| 1999-01-28 | M       |
| 1999-01-28 | F       |
| 1999-01-29 | M       |
| 1999-01-29 | F       |
| 1999-01-30 | M       |
| 1999-01-30 | F       |
| 1999-01-31 | M       |
| 1999-01-31 | F       |
| 1999-02-01 | M       |
| 1999-02-01 | F       |
| 1999-02-02 | M       |
| 1999-02-02 | F       |
| 1999-02-03 | M       |
| 1999-02-03 | F       |
| 1999-02-04 | M       |
| 1999-02-04 | F       |
| 1999-02-05 | M       |
| 1999-02-05 | F       |
| 1999-02-06 | M       |
| 1999-02-06 | F       |
| 1999-02-07 | M       |
| 1999-02-07 | F       |
| 1999-02-08 | M       |
| 1999-02-08 | F       |
| 1999-02-09 | M       |
| 1999-02-09 | F       |
| 1999-02-10 | M       |
| 1999-02-10 | F       |
| 1999-02-11 | M       |
| 1999-02-11 | F       |
| 1999-02-12 | M       |
| 1999-02-12 | F       |
| 1999-02-13 | M       |
| 1999-02-13 | F       |
| 1999-02-14 | M       |
| 1999-02-14 | F       |
| 1999-02-15 | M       |
| 1999-02-15 | F       |
| 1999-02-16 | M       |
| 1999-02-16 | F       |
| 1999-02-17 | M       |
| 1999-02-17 | F       |
| 1999-02-18 | M       |
| 1999-02-18 | F       |
| 1999-02-19 | M       |
| 1999-02-20 | M       |
| 1999-02-20 | F       |
| 1999-02-21 | M       |
| 1999-02-21 | F       |
| 1999-02-22 | M       |
| 1999-02-22 | F       |
| 1999-02-23 | M       |
| 1999-02-23 | F       |
| 1999-02-24 | M       |
| 1999-02-24 | F       |
| 1999-02-25 | M       |
| 1999-02-25 | F       |
| 1999-02-26 | M       |
| 1999-02-26 | F       |
| 1999-02-27 | M       |
| 1999-02-27 | F       |
| 1999-02-28 | M       |
| 1999-02-28 | F       |
| 1999-03-01 | M       |
| 1999-03-01 | F       |
| 1999-03-02 | M       |
| 1999-03-02 | F       |
| 1999-03-03 | M       |
| 1999-03-04 | M       |
| 1999-03-04 | F       |
| 1999-03-05 | M       |
| 1999-03-05 | F       |
| 1999-03-06 | M       |
| 1999-03-07 | M       |
| 1999-03-07 | F       |
| 1999-03-08 | M       |
| 1999-03-08 | F       |
| 1999-03-09 | M       |
| 1999-03-09 | F       |
| 1999-03-10 | M       |
| 1999-03-11 | M       |
| 1999-03-12 | M       |
| 1999-03-13 | M       |
| 1999-03-13 | F       |
| 1999-03-14 | M       |
| 1999-03-14 | F       |
| 1999-03-15 | M       |
| 1999-03-15 | F       |
| 1999-03-16 | M       |
| 1999-03-16 | F       |
| 1999-03-17 | F       |
| 1999-03-18 | M       |
| 1999-03-18 | F       |
| 1999-03-19 | M       |
| 1999-03-19 | F       |
| 1999-03-20 | M       |
| 1999-03-20 | F       |
| 1999-03-21 | M       |
| 1999-03-21 | F       |
| 1999-03-22 | M       |
| 1999-03-23 | M       |
| 1999-03-23 | F       |
| 1999-03-24 | M       |
| 1999-03-24 | F       |
| 1999-03-25 | M       |
| 1999-03-25 | F       |
| 1999-03-26 | M       |
| 1999-03-26 | F       |
| 1999-03-27 | M       |
| 1999-03-27 | F       |
| 1999-03-28 | M       |
| 1999-03-28 | F       |
| 1999-03-29 | M       |
| 1999-03-29 | F       |
| 1999-03-30 | M       |
| 1999-03-30 | F       |
| 1999-03-31 | M       |
| 1999-03-31 | F       |
| 1999-04-01 | M       |
| 1999-04-01 | F       |
| 1999-04-02 | M       |
| 1999-04-02 | F       |
| 1999-04-03 | M       |
| 1999-04-03 | F       |
| 1999-04-04 | M       |
| 1999-04-04 | F       |
| 1999-04-05 | M       |
| 1999-04-05 | F       |
| 1999-04-06 | M       |
| 1999-04-06 | F       |
| 1999-04-07 | M       |
| 1999-04-08 | M       |
| 1999-04-09 | M       |
| 1999-04-09 | F       |
| 1999-04-10 | M       |
| 1999-04-10 | F       |
| 1999-04-11 | M       |
| 1999-04-11 | F       |
| 1999-04-12 | M       |
| 1999-04-12 | F       |
| 1999-04-13 | M       |
| 1999-04-13 | F       |
| 1999-04-14 | M       |
| 1999-04-14 | F       |
| 1999-04-15 | M       |
| 1999-04-15 | F       |
| 1999-04-16 | M       |
| 1999-04-16 | F       |
| 1999-04-17 | M       |
| 1999-04-17 | F       |
| 1999-04-18 | M       |
| 1999-04-18 | F       |
| 1999-04-19 | M       |
| 1999-04-19 | F       |
| 1999-04-20 | M       |
| 1999-04-20 | F       |
| 1999-04-21 | M       |
| 1999-04-21 | F       |
| 1999-04-22 | M       |
| 1999-04-22 | F       |
| 1999-04-23 | M       |
| 1999-04-23 | F       |
| 1999-04-24 | M       |
| 1999-04-24 | F       |
| 1999-04-25 | M       |
| 1999-04-25 | F       |
| 1999-04-26 | M       |
| 1999-04-26 | F       |
| 1999-04-27 | M       |
| 1999-04-27 | F       |
| 1999-04-28 | M       |
| 1999-04-28 | F       |
| 1999-04-29 | M       |
| 1999-04-30 | M       |
| 1999-04-30 | F       |
| 1999-05-01 | M       |
| 1999-05-01 | F       |
| 1999-05-02 | M       |
| 1999-05-02 | F       |
| 1999-05-03 | M       |
| 1999-05-03 | F       |
| 1999-05-04 | M       |
| 1999-05-04 | F       |
| 1999-05-05 | M       |
| 1999-05-05 | F       |
| 1999-05-06 | M       |
| 1999-05-06 | F       |
| 1999-05-07 | M       |
| 1999-05-07 | F       |
| 1999-05-08 | M       |
| 1999-05-08 | F       |
| 1999-05-09 | F       |
| 1999-05-10 | M       |
| 1999-05-10 | F       |
| 1999-05-11 | M       |
| 1999-05-12 | M       |
| 1999-05-12 | F       |
| 1999-05-13 | M       |
| 1999-05-13 | F       |
| 1999-05-14 | M       |
| 1999-05-14 | F       |
| 1999-05-15 | M       |
| 1999-05-15 | F       |
| 1999-05-16 | M       |
| 1999-05-16 | F       |
| 1999-05-17 | M       |
| 1999-05-17 | F       |
| 1999-05-18 | M       |
| 1999-05-18 | F       |
| 1999-05-19 | M       |
| 1999-05-19 | F       |
| 1999-05-20 | F       |
| 1999-05-21 | M       |
| 1999-05-21 | F       |
| 1999-05-22 | M       |
| 1999-05-22 | F       |
| 1999-05-23 | M       |
| 1999-05-23 | F       |
| 1999-05-24 | M       |
| 1999-05-24 | F       |
| 1999-05-25 | M       |
| 1999-05-25 | F       |
| 1999-05-26 | M       |
| 1999-05-26 | F       |
| 1999-05-27 | M       |
| 1999-05-28 | M       |
| 1999-05-28 | F       |
| 1999-05-29 | F       |
| 1999-05-30 | M       |
| 1999-05-30 | F       |
| 1999-05-31 | M       |
| 1999-06-01 | M       |
| 1999-06-01 | F       |
| 1999-06-02 | M       |
| 1999-06-02 | F       |
| 1999-06-03 | M       |
| 1999-06-04 | M       |
| 1999-06-04 | F       |
| 1999-06-05 | M       |
| 1999-06-05 | F       |
| 1999-06-06 | M       |
| 1999-06-06 | F       |
| 1999-06-07 | M       |
| 1999-06-07 | F       |
| 1999-06-08 | M       |
| 1999-06-09 | M       |
| 1999-06-09 | F       |
| 1999-06-10 | M       |
| 1999-06-10 | F       |
| 1999-06-11 | M       |
| 1999-06-11 | F       |
| 1999-06-12 | M       |
| 1999-06-12 | F       |
| 1999-06-13 | M       |
| 1999-06-14 | M       |
| 1999-06-14 | F       |
| 1999-06-15 | M       |
| 1999-06-15 | F       |
| 1999-06-16 | M       |
| 1999-06-17 | M       |
| 1999-06-17 | F       |
| 1999-06-18 | M       |
| 1999-06-18 | F       |
| 1999-06-19 | F       |
| 1999-06-20 | M       |
| 1999-06-20 | F       |
| 1999-06-21 | M       |
| 1999-06-21 | F       |
| 1999-06-22 | M       |
| 1999-06-22 | F       |
| 1999-06-23 | M       |
| 1999-06-23 | F       |
| 1999-06-24 | M       |
| 1999-06-24 | F       |
| 1999-06-25 | M       |
| 1999-06-25 | F       |
| 1999-06-26 | M       |
| 1999-06-26 | F       |
| 1999-06-27 | M       |
| 1999-06-27 | F       |
| 1999-06-28 | M       |
| 1999-06-29 | F       |
| 1999-06-30 | M       |
| 1999-06-30 | F       |
| 1999-07-01 | M       |
| 1999-07-01 | F       |
| 1999-07-03 | F       |
| 1999-07-04 | F       |
| 1999-07-05 | M       |
| 1999-07-05 | F       |
| 1999-07-06 | M       |
| 1999-07-06 | F       |
| 1999-07-07 | M       |
| 1999-07-08 | F       |
| 1999-07-09 | M       |
| 1999-07-09 | F       |
| 1999-07-10 | M       |
| 1999-07-12 | M       |
| 1999-07-12 | F       |
| 1999-07-13 | M       |
| 1999-07-14 | F       |
| 1999-07-15 | M       |
| 1999-07-16 | M       |
| 1999-07-17 | M       |
| 1999-07-18 | M       |
| 1999-07-18 | F       |
| 1999-07-19 | M       |
| 1999-07-19 | F       |
| 1999-07-20 | M       |
| 1999-07-20 | F       |
| 1999-07-21 | M       |
| 1999-07-22 | M       |
| 1999-07-22 | F       |
| 1999-07-23 | M       |
| 1999-07-23 | F       |
| 1999-07-24 | M       |
| 1999-07-24 | F       |
| 1999-07-25 | M       |
| 1999-07-25 | F       |
| 1999-07-26 | M       |
| 1999-07-27 | M       |
| 1999-07-27 | F       |
| 1999-07-28 | M       |
| 1999-07-28 | F       |
| 1999-07-29 | M       |
| 1999-07-29 | F       |
| 1999-07-30 | F       |
| 1999-07-31 | M       |
| 1999-07-31 | F       |
| 1999-08-01 | M       |
| 1999-08-01 | F       |
| 1999-08-02 | F       |
| 1999-08-03 | M       |
| 1999-08-04 | M       |
| 1999-08-04 | F       |
| 1999-08-05 | M       |
| 1999-08-05 | F       |
| 1999-08-06 | M       |
| 1999-08-06 | F       |
| 1999-08-07 | M       |
| 1999-08-07 | F       |
| 1999-08-08 | M       |
| 1999-08-08 | F       |
| 1999-08-09 | M       |
| 1999-08-10 | M       |
| 1999-08-10 | F       |
| 1999-08-11 | M       |
| 1999-08-12 | M       |
| 1999-08-12 | F       |
| 1999-08-13 | M       |
| 1999-08-13 | F       |
| 1999-08-14 | M       |
| 1999-08-14 | F       |
| 1999-08-15 | M       |
| 1999-08-15 | F       |
| 1999-08-16 | M       |
| 1999-08-16 | F       |
| 1999-08-17 | M       |
| 1999-08-17 | F       |
| 1999-08-18 | M       |
| 1999-08-19 | M       |
| 1999-08-19 | F       |
| 1999-08-20 | M       |
| 1999-08-20 | F       |
| 1999-08-21 | M       |
| 1999-08-22 | M       |
| 1999-08-22 | F       |
| 1999-08-23 | M       |
| 1999-08-23 | F       |
| 1999-08-24 | M       |
| 1999-08-24 | F       |
| 1999-08-25 | M       |
| 1999-08-26 | M       |
| 1999-08-26 | F       |
| 1999-08-27 | M       |
| 1999-08-28 | M       |
| 1999-08-28 | F       |
| 1999-08-29 | M       |
| 1999-08-29 | F       |
| 1999-08-30 | M       |
| 1999-08-30 | F       |
| 1999-08-31 | M       |
| 1999-08-31 | F       |
| 1999-09-01 | M       |
| 1999-09-01 | F       |
| 1999-09-02 | M       |
| 1999-09-02 | F       |
| 1999-09-03 | M       |
| 1999-09-03 | F       |
| 1999-09-05 | M       |
| 1999-09-05 | F       |
| 1999-09-06 | M       |
| 1999-09-07 | M       |
| 1999-09-08 | M       |
| 1999-09-08 | F       |
| 1999-09-09 | M       |
| 1999-09-10 | M       |
| 1999-09-11 | M       |
| 1999-09-11 | F       |
| 1999-09-12 | F       |
| 1999-09-13 | M       |
| 1999-09-13 | F       |
| 1999-09-14 | M       |
| 1999-09-14 | F       |
| 1999-09-15 | M       |
| 1999-09-16 | M       |
| 1999-09-17 | M       |
| 1999-09-17 | F       |
| 1999-09-18 | M       |
| 1999-09-18 | F       |
| 1999-09-19 | M       |
| 1999-09-19 | F       |
| 1999-09-20 | M       |
| 1999-09-20 | F       |
| 1999-09-21 | F       |
| 1999-09-22 | M       |
| 1999-09-22 | F       |
| 1999-09-23 | M       |
| 1999-09-23 | F       |
| 1999-09-24 | M       |
| 1999-09-25 | M       |
| 1999-09-26 | M       |
| 1999-09-26 | F       |
| 1999-09-27 | M       |
| 1999-09-27 | F       |
| 1999-09-28 | M       |
| 1999-09-28 | F       |
| 1999-09-29 | M       |
| 1999-09-29 | F       |
| 1999-09-30 | M       |
| 1999-09-30 | F       |
| 1999-10-01 | M       |
| 1999-10-02 | M       |
| 1999-10-03 | M       |
| 1999-10-03 | F       |
| 1999-10-04 | F       |
| 1999-10-05 | M       |
| 1999-10-06 | F       |
| 1999-10-08 | M       |
| 1999-10-08 | F       |
| 1999-10-09 | F       |
| 1999-10-10 | M       |
| 1999-10-10 | F       |
| 1999-10-11 | M       |
| 1999-10-12 | M       |
| 1999-10-12 | F       |
| 1999-10-13 | M       |
| 1999-10-13 | F       |
| 1999-10-14 | M       |
| 1999-10-15 | F       |
| 1999-10-16 | M       |
| 1999-10-16 | F       |
| 1999-10-17 | F       |
| 1999-10-18 | F       |
| 1999-10-19 | M       |
| 1999-10-21 | M       |
| 1999-10-21 | F       |
| 1999-10-23 | M       |
| 1999-10-23 | F       |
| 1999-10-24 | M       |
| 1999-10-24 | F       |
| 1999-10-26 | M       |
| 1999-10-26 | F       |
| 1999-10-27 | F       |
| 1999-10-28 | M       |
| 1999-10-28 | F       |
| 1999-10-29 | M       |
| 1999-10-29 | F       |
| 1999-10-30 | M       |
| 1999-11-02 | M       |
| 1999-11-02 | F       |
| 1999-11-03 | M       |
| 1999-11-06 | F       |
| 1999-11-07 | M       |
| 1999-11-07 | F       |
| 1999-11-08 | F       |
| 1999-11-10 | F       |
| 1999-11-12 | M       |
| 1999-11-12 | F       |
| 1999-11-13 | M       |
| 1999-11-13 | F       |
| 1999-11-14 | F       |
| 1999-11-15 | M       |
| 1999-11-16 | M       |
| 1999-11-17 | M       |
| 1999-11-17 | F       |
| 1999-11-18 | M       |
| 1999-11-19 | M       |
| 1999-11-19 | F       |
| 1999-11-20 | M       |
| 1999-11-21 | M       |
| 1999-11-21 | F       |
| 1999-11-22 | M       |
| 1999-11-22 | F       |
| 1999-11-23 | M       |
| 1999-11-23 | F       |
| 1999-11-25 | F       |
| 1999-11-26 | M       |
| 1999-11-27 | M       |
| 1999-11-29 | M       |
| 1999-11-30 | M       |
| 1999-11-30 | F       |
| 1999-12-01 | F       |
| 1999-12-02 | M       |
| 1999-12-03 | M       |
| 1999-12-04 | M       |
| 1999-12-04 | F       |
| 1999-12-06 | M       |
| 1999-12-10 | F       |
| 1999-12-11 | F       |
| 1999-12-12 | F       |
| 1999-12-15 | F       |
| 1999-12-16 | M       |
| 1999-12-16 | F       |
| 1999-12-18 | F       |
| 1999-12-19 | M       |
| 1999-12-20 | M       |
| 1999-12-23 | M       |
| 1999-12-24 | F       |
| 1999-12-26 | M       |
| 1999-12-28 | F       |
| 1999-12-30 | M       |
| 1999-12-30 | F       |
| 1999-12-31 | M       |
| 1999-12-31 | F       |
| 2000-01-01 | M       |
| 2000-01-02 | F       |
| 2000-01-03 | M       |
| 2000-01-04 | F       |
| 2000-01-06 | F       |
| 2000-01-08 | M       |
| 2000-01-11 | F       |
| 2000-01-12 | M       |
| 2000-01-13 | F       |
| 2000-01-22 | F       |
| 2000-01-23 | M       |
| 2000-01-28 | M       |
+------------+---------+
2776 rows in set (4.902 sec)

MariaDB [employees]> SELECT DISTINCT hire_date AS dat, gender AS dzimums FROM employees WHERE YEAR(hire_date) > 1995 ORDER BY hire_date, dzimums LIMIT 5;
+------------+---------+
| dat        | dzimums |
+------------+---------+
| 1996-01-01 | M       |
| 1996-01-01 | F       |
| 1996-01-02 | M       |
| 1996-01-02 | F       |
| 1996-01-03 | M       |
+------------+---------+
5 rows in set (4.856 sec)

MariaDB [employees]> SELECT CONCAT(e.first_name,' ',e.last_name) AS 'vard uzvards', e.gender AS dzimums FROM employees AS e 
    -> WHERE YEAR(e.birht_date) = 1959 LIMIT 10;
ERROR 1054 (42S22): Unknown column 'e.birht_date' in 'where clause'
MariaDB [employees]> DESCRIBE employees;
+------------+---------------+------+-----+---------+-------+
| Field      | Type          | Null | Key | Default | Extra |
+------------+---------------+------+-----+---------+-------+
| emp_no     | int(11)       | NO   | PRI | NULL    |       |
| birth_date | date          | NO   |     | NULL    |       |
| first_name | varchar(14)   | NO   |     | NULL    |       |
| last_name  | varchar(16)   | NO   |     | NULL    |       |
| gender     | enum('M','F') | NO   |     | NULL    |       |
| hire_date  | date          | NO   |     | NULL    |       |
+------------+---------------+------+-----+---------+-------+
6 rows in set (0.023 sec)

MariaDB [employees]> SELECT CONCAT(e.first_name,' ',e.last_name) AS 'vard uzvards', e.gender AS dzimums FROM employees AS e  WHERE YEAR(e.birTH_date) = 1959 LIMIT 10;
+----------------------+---------+
| vard uzvards         | dzimums |
+----------------------+---------+
| Parto Bamford        | M       |
| Guoxiang Nooteboom   | M       |
| Karsten Joslin       | M       |
| Adamantios Portugali | M       |
| Alejandro Brender    | M       |
| Weiyi Meriste        | F       |
| Uri Lenart           | F       |
| Udi Jansch           | M       |
| Danel Mondadori      | F       |
| Vishv Zockler        | M       |
+----------------------+---------+
10 rows in set (0.013 sec)

MariaDB [employees]> SHOW ERRORS
    -> ;
Empty set (0.001 sec)

MariaDB [employees]> EXIT;
